// Jest Snapshot v1, https://goo.gl/fbAQLP

exports[`Navbar initializes correctly 1`] = `
<nav
  className="navbar navbar-expand-lg navbar-light bg-light"
>
  <div
    className="container"
  >
    <a
      className="navbar-brand"
      href="/"
      onClick={[Function]}
    >
      GalleryGuide
    </a>
    <div
      className="me-auto navbar-nav"
      onKeyDown={[Function]}
    >
      <a
        className="nav-link"
        data-rr-ui-event-key={null}
        disabled={false}
        href="/"
        onClick={[Function]}
      >
        Home
      </a>
      <a
        className="nav-link"
        data-rr-ui-event-key={null}
        disabled={false}
        href="/about"
        onClick={[Function]}
      >
        About
      </a>
      <a
        className="nav-link"
        data-rr-ui-event-key={null}
        disabled={false}
        href="/artworks"
        onClick={[Function]}
      >
        Artworks
      </a>
      <a
        className="nav-link"
        data-rr-ui-event-key={null}
        disabled={false}
        href="/artists"
        onClick={[Function]}
      >
        Artists
      </a>
      <a
        className="nav-link"
        data-rr-ui-event-key={null}
        disabled={false}
        href="/galleries"
        onClick={[Function]}
      >
        Galleries
      </a>
    </div>
    <div>
      <input
        id="g-query"
        name="global-search-query"
        placeholder="Site-wide search"
        type="text"
      />
      <button
        style={
          Object {
            "marginLeft": "1em",
          }
        }
        type="submit"
      >
        Search
      </button>
    </div>
  </div>
</nav>
`;

exports[`displays the artwork correctly 1`] = `
<div>
  <div
    class="art-instance-image-description-wrapper"
  >
    <img
      alt="Artwork visual representation"
      class="art-instance-img"
    />
    <div
      class="art-instance-description"
    >
      <h1 />
      <h3>
        , 
      </h3>
      <em />
      <em>
        Iconicity of the image: 
      </em>
      <br />
      <br />
      <p />
      <br />
      <p>
        This artwork is stored as ID #
         in GalleryGuide.
      </p>
      <p />
      <a
        href="/artists/undefined"
        onClick={[Function]}
      >
        <button
          className="btn btn-primary"
          disabled={false}
          type="button"
        >
          Explore Artist
        </button>
      </a>
      <p />
      <a
        href="/galleries/undefined"
        onClick={[Function]}
      >
        <button
          className="btn btn-primary"
          disabled={false}
          type="button"
        >
          Explore Gallery
        </button>
      </a>
    </div>
  </div>
  <div>
    <h2>
      Media for a more immersive experience
    </h2>
    <p>
      Note that these results are generated by a search. Results are not curated and GalleryGuide takes no ownership of generated results.
    </p>
    <iframe
      height="450"
      src=""
      style={
        Object {
          "marginRight": "3em",
        }
      }
      width="600"
    />
    <iframe
      height="450"
      src=""
      width="600"
    />
  </div>
  <a
    href="/artworks"
    onClick={[Function]}
  >
    <button
      className="btn btn-primary"
      disabled={false}
      type="button"
    >
      &lt;
    </button>
     Back to main artworks page
  </a>
</div>
`;
